services/osPdfService.ts(416,81): error TS1127: Invalid character.
services/osPdfService.ts(458,42): error TS1127: Invalid character.
services/osPdfService.ts(463,42): error TS1127: Invalid character.
services/osPdfService.ts(493,47): error TS1127: Invalid character.
services/osPdfService.ts(567,1): error TS1160: Unterminated template literal.
